/mnt/c/Users/jhans/Documents/ECE 5780/MiniProject/ota/OTA/cmake/stm32cubemx/../../Drivers/CMSIS/Include/core_cm0.h:623:22:__NVIC_EnableIRQ	16	static
/mnt/c/Users/jhans/Documents/ECE 5780/MiniProject/ota/OTA/cmake/stm32cubemx/../../Drivers/CMSIS/Include/core_cm0.h:730:22:__NVIC_SetPriority	24	static
/mnt/c/Users/jhans/Documents/ECE 5780/MiniProject/ota/OTA/Core/Src/main.c:80:5:main	64	static
/mnt/c/Users/jhans/Documents/ECE 5780/MiniProject/ota/OTA/Core/Src/main.c:149:6:SystemClock_Config	112	static
/mnt/c/Users/jhans/Documents/ECE 5780/MiniProject/ota/OTA/Core/Src/main.c:191:6:EXTI0_1_IRQHandler	8	static
/mnt/c/Users/jhans/Documents/ECE 5780/MiniProject/ota/OTA/Core/Src/main.c:205:13:MX_I2C2_Init	8	static
/mnt/c/Users/jhans/Documents/ECE 5780/MiniProject/ota/OTA/Core/Src/main.c:253:13:MX_SPI2_Init	8	static
/mnt/c/Users/jhans/Documents/ECE 5780/MiniProject/ota/OTA/Core/Src/main.c:293:13:MX_TSC_Init	8	static
/mnt/c/Users/jhans/Documents/ECE 5780/MiniProject/ota/OTA/Core/Src/main.c:336:13:MX_USB_PCD_Init	8	static
/mnt/c/Users/jhans/Documents/ECE 5780/MiniProject/ota/OTA/Core/Src/main.c:368:13:MX_GPIO_Init	48	static
/mnt/c/Users/jhans/Documents/ECE 5780/MiniProject/ota/OTA/Core/Src/main.c:418:6:Error_Handler	8	static,ignoring_inline_asm
